time="2026-09-29T06:12:16Z" level=info msg="faults 2026-09-29T06:12:16.124Z {} -> 200" source=console
time="2026-09-29T06:13:09Z" level=warning msg="The test has generated metrics with 100160 unique time series, which is higher than the suggested limit of 100000 and could cause high memory usage. Consider not using high-cardinality values like unique IDs as metric tags or, if you need them in the URL, use the name metric tag or URL grouping. See https://grafana.com/docs/k6/latest/using-k6/tags-and-groups/ for details." component=metrics-engine-ingester
time="2026-09-29T06:14:06Z" level=warning msg="The test has generated metrics with 200087 unique time series, which is higher than the suggested limit of 100000 and could cause high memory usage. Consider not using high-cardinality values like unique IDs as metric tags or, if you need them in the URL, use the name metric tag or URL grouping. See https://grafana.com/docs/k6/latest/using-k6/tags-and-groups/ for details." component=metrics-engine-ingester
time="2026-09-29T06:14:16Z" level=info msg="faults 2026-09-29T06:14:16.122Z {\"errorRate\":0.03} -> 200" source=console
time="2026-09-29T06:16:14Z" level=warning msg="The test has generated metrics with 400080 unique time series, which is higher than the suggested limit of 100000 and could cause high memory usage. Consider not using high-cardinality values like unique IDs as metric tags or, if you need them in the URL, use the name metric tag or URL grouping. See https://grafana.com/docs/k6/latest/using-k6/tags-and-groups/ for details." component=metrics-engine-ingester
time="2026-09-29T06:16:16Z" level=info msg="faults 2026-09-29T06:16:16.128Z {\"slowAboveCents\":4500,\"slowMs\":1200} -> 200" source=console
time="2026-09-29T06:18:16Z" level=info msg="faults 2026-09-29T06:18:16.133Z {} -> 200" source=console
{
  "mode": "head10",
  "config": {
    "PAY": 100,
    "STATEMENT": 200,
    "DASHBOARD": 20,
    "PHASE_MIN": 2,
    "ERROR_RATE": 0.03,
    "SLOW_ABOVE": 4500,
    "SLOW_MS": 1200,
    "HOT_WALLET": 777,
    "HOT_SHARE": 0.005
  },
  "requests": 158336,
  "droppedIterations": 71,
  "endpoints": {
    "pay": {
      "count": 48000,
      "p50": 4.803209,
      "p95": 18.626327749999994,
      "p99": 1203.07843817,
      "max": 1630.160626,
      "failedRate": 0.010541666666666666
    },
    "topup": {
      "count": 4801,
      "p50": 1.772125,
      "p95": 8.414459,
      "p99": 24.9175,
      "max": 527.970792
    },
    "statement": {
      "count": 95930,
      "p50": 0.663084,
      "p95": 2.3159562499999984,
      "p99": 15.00067999999997,
      "max": 886.098876
    },
    "dashboard": {
      "count": 9601,
      "p50": 1.056125,
      "p95": 3.081166,
      "p99": 17.895834,
      "max": 429.830834
    }
  }
}
