time="2026-09-29T05:58:23Z" level=info msg="faults 2026-09-29T05:58:23.224Z {} -> 200" source=console
time="2026-09-29T05:59:16Z" level=warning msg="The test has generated metrics with 100070 unique time series, which is higher than the suggested limit of 100000 and could cause high memory usage. Consider not using high-cardinality values like unique IDs as metric tags or, if you need them in the URL, use the name metric tag or URL grouping. See https://grafana.com/docs/k6/latest/using-k6/tags-and-groups/ for details." component=metrics-engine-ingester
time="2026-09-29T06:00:13Z" level=warning msg="The test has generated metrics with 200033 unique time series, which is higher than the suggested limit of 100000 and could cause high memory usage. Consider not using high-cardinality values like unique IDs as metric tags or, if you need them in the URL, use the name metric tag or URL grouping. See https://grafana.com/docs/k6/latest/using-k6/tags-and-groups/ for details." component=metrics-engine-ingester
time="2026-09-29T06:00:23Z" level=info msg="faults 2026-09-29T06:00:23.265Z {\"errorRate\":0.03} -> 200" source=console
time="2026-09-29T06:02:20Z" level=warning msg="The test has generated metrics with 400044 unique time series, which is higher than the suggested limit of 100000 and could cause high memory usage. Consider not using high-cardinality values like unique IDs as metric tags or, if you need them in the URL, use the name metric tag or URL grouping. See https://grafana.com/docs/k6/latest/using-k6/tags-and-groups/ for details." component=metrics-engine-ingester
time="2026-09-29T06:02:23Z" level=info msg="faults 2026-09-29T06:02:23.271Z {\"slowAboveCents\":4500,\"slowMs\":1200} -> 200" source=console
time="2026-09-29T06:04:23Z" level=info msg="faults 2026-09-29T06:04:23.289Z {} -> 200" source=console
{
  "mode": "full",
  "config": {
    "PAY": 100,
    "STATEMENT": 200,
    "DASHBOARD": 20,
    "PHASE_MIN": 2,
    "ERROR_RATE": 0.03,
    "SLOW_ABOVE": 4500,
    "SLOW_MS": 1200,
    "HOT_WALLET": 777,
    "HOT_SHARE": 0.005
  },
  "requests": 158384,
  "droppedIterations": 24,
  "endpoints": {
    "pay": {
      "count": 48001,
      "p50": 4.902958,
      "p95": 19.926125,
      "p99": 1203.044834,
      "max": 1405.105042,
      "failedRate": 0.00968729818128789
    },
    "topup": {
      "count": 4801,
      "p50": 1.734291,
      "p95": 9.237041,
      "p99": 29.298791,
      "max": 568.27975
    },
    "statement": {
      "count": 95977,
      "p50": 0.703916,
      "p95": 2.974783199999999,
      "p99": 20.12245607999995,
      "max": 542.10125
    },
    "dashboard": {
      "count": 9601,
      "p50": 1.134208,
      "p95": 3.534125,
      "p99": 21.564834,
      "max": 542.066417
    }
  }
}
