== full: Loki, Tempo y Alloy desde cero
 Container loki-tempo-lab-tempo-1  Stopping
 Container loki-tempo-lab-alloy-1  Stopping
 Container loki-tempo-lab-loki-1  Stopping
 Container loki-tempo-lab-alloy-1  Stopped
 Container loki-tempo-lab-loki-1  Stopped
 Container loki-tempo-lab-tempo-1  Stopped
 Container loki-tempo-lab-alloy-1  Removing
 Container loki-tempo-lab-loki-1  Removing
 Container loki-tempo-lab-tempo-1  Removing
 Container loki-tempo-lab-tempo-1  Removed
 Container loki-tempo-lab-loki-1  Removed
 Container loki-tempo-lab-alloy-1  Removed
 Volume loki-tempo-lab_loki-data  Creating
 Volume loki-tempo-lab_loki-data  Created
 Volume loki-tempo-lab_alloy-data  Creating
 Volume loki-tempo-lab_alloy-data  Created
 Volume loki-tempo-lab_tempo-data  Creating
 Volume loki-tempo-lab_tempo-data  Created
 Container loki-tempo-lab-alloy-1  Creating
 Container loki-tempo-lab-tempo-1  Creating
 Container loki-tempo-lab-antifraud-1  Recreate
 Container loki-tempo-lab-redpanda-1  Running
 Container loki-tempo-lab-write-db-1  Running
 Container loki-tempo-lab-loki-1  Creating
 Container loki-tempo-lab-command-api-1  Recreate
 Container loki-tempo-lab-read-db-1  Running
 Container loki-tempo-lab-projector-1  Recreate
 Container loki-tempo-lab-query-api-1  Recreate
 Container loki-tempo-lab-alloy-1  Created
 Container loki-tempo-lab-tempo-1  Created
 Container loki-tempo-lab-loki-1  Created
 Container loki-tempo-lab-projector-1  Recreated
 Container loki-tempo-lab-command-api-1  Recreated
 Container loki-tempo-lab-query-api-1  Recreated
 Container loki-tempo-lab-antifraud-1  Recreated
 Container loki-tempo-lab-antifraud-1  Starting
 Container loki-tempo-lab-loki-1  Starting
 Container loki-tempo-lab-redpanda-1  Waiting
 Container loki-tempo-lab-tempo-1  Starting
 Container loki-tempo-lab-alloy-1  Starting
 Container loki-tempo-lab-write-db-1  Waiting
 Container loki-tempo-lab-read-db-1  Waiting
 Container loki-tempo-lab-write-db-1  Waiting
 Container loki-tempo-lab-read-db-1  Waiting
 Container loki-tempo-lab-antifraud-1  Started
 Container loki-tempo-lab-tempo-1  Started
 Container loki-tempo-lab-alloy-1  Started
 Container loki-tempo-lab-loki-1  Started
 Container loki-tempo-lab-redpanda-1  Healthy
 Container loki-tempo-lab-read-db-1  Healthy
 Container loki-tempo-lab-query-api-1  Starting
 Container loki-tempo-lab-write-db-1  Healthy
 Container loki-tempo-lab-read-db-1  Healthy
 Container loki-tempo-lab-projector-1  Starting
 Container loki-tempo-lab-write-db-1  Healthy
 Container loki-tempo-lab-command-api-1  Starting
 Container loki-tempo-lab-projector-1  Started
 Container loki-tempo-lab-command-api-1  Started
 Container loki-tempo-lab-query-api-1  Started
 Container loki-tempo-lab-query-api-1  Waiting
 Container loki-tempo-lab-redpanda-1  Waiting
 Container loki-tempo-lab-loki-1  Waiting
 Container loki-tempo-lab-antifraud-1  Waiting
 Container loki-tempo-lab-tempo-1  Waiting
 Container loki-tempo-lab-alloy-1  Waiting
 Container loki-tempo-lab-read-db-1  Waiting
 Container loki-tempo-lab-write-db-1  Waiting
 Container loki-tempo-lab-command-api-1  Waiting
 Container loki-tempo-lab-projector-1  Waiting
 Container loki-tempo-lab-command-api-1  Healthy
 Container loki-tempo-lab-query-api-1  Healthy
 Container loki-tempo-lab-read-db-1  Healthy
 Container loki-tempo-lab-tempo-1  Healthy
 Container loki-tempo-lab-antifraud-1  Healthy
 Container loki-tempo-lab-write-db-1  Healthy
 Container loki-tempo-lab-alloy-1  Healthy
 Container loki-tempo-lab-redpanda-1  Healthy
 Container loki-tempo-lab-loki-1  Healthy
 Container loki-tempo-lab-projector-1  Healthy
== full: esperando la decisión de muestreo y el envío por lotes
tools/run.sh: line 33: 26438 Terminated: 15          ( while true; do
    docker stats --no-stream --format '{{json .}}' loki-tempo-lab-loki-1 loki-tempo-lab-tempo-1 loki-tempo-lab-alloy-1 >> "$OUT/stats.jsonl"; sleep 5;
done )
{
  "mode": "full",
  "perRequest": {
    "lokiBytesReceived": 506.0,
    "tempoBytesReceived": 2240.0,
    "lokiLines": 1.63,
    "tempoSpans": 5.59,
    "lokiStoredBytes": 101.1,
    "tempoStoredBytes": 859.4
  },
  "disk": {
    "loki_chunks": 15962777,
    "loki_index": 47359,
    "loki_wal": 92156354,
    "tempo_blocks": 136119053,
    "tempo_live_store": 123074953,
    "tempo_wal": 8192
  },
  "resources": {
    "loki": {
      "cpuAvgPct": 0.6,
      "cpuMaxPct": 2.1,
      "memMaxMiB": 138.3
    },
    "tempo": {
      "cpuAvgPct": 9.0,
      "cpuMaxPct": 100.5,
      "memMaxMiB": 708.0
    },
    "alloy": {
      "cpuAvgPct": 3.6,
      "cpuMaxPct": 5.5,
      "memMaxMiB": 71.5
    }
  },
  "coverage": [
    {
      "case": "errores",
      "logQuery": "{service_name=\"command-api\", level=\"error\"}",
      "requestsInLoki": 331,
      "checkedInTempo": 300,
      "foundInTempo": 300,
      "foundRate": 1.0,
      "traceByIdMsMedian": 98.9
    },
    {
      "case": "lentos",
      "logQuery": "{service_name=\"command-api\"} | json | route=\"/payments\" | duration_ms > 1000",
      "requestsInLoki": 1330,
      "checkedInTempo": 300,
      "foundInTempo": 300,
      "foundRate": 1.0,
      "traceByIdMsMedian": 41.7
    },
    {
      "case": "normales",
      "logQuery": "{service_name=\"command-api\"} | json | route=\"/payments\" | status=\"201\" | duration_ms < 100",
      "requestsInLoki": 5000,
      "checkedInTempo": 300,
      "foundInTempo": 300,
      "foundRate": 1.0,
      "traceByIdMsMedian": 112.6
    },
    {
      "case": "cliente-777",
      "logQuery": "{service_name=~\"command-api|query-api\"} | json | wallet_id=\"777\"",
      "requestsInLoki": 741,
      "checkedInTempo": 300,
      "foundInTempo": 300,
      "foundRate": 1.0,
      "traceByIdMsMedian": 442.7
    }
  ]
}
